// Jest Snapshot v1, https://goo.gl/fbAQLP

exports[`Main routes file matches the snapshot 1`] = `
<Provider
  store={
    store {
      "closeAllModals": [Function],
      "db": Object {
        "transaction": [MockFunction],
      },
      "getPermutatedWords": [Function],
      "getScore": [Function],
      "isAboutModalOpen": false,
      "isInstructionsModalOpen": false,
      "isMenuModalOpen": false,
      "letters": "         ",
      "loading": false,
      "nav": Object {
        "get": [Function],
        "goto": [Function],
        "resetto": [Function],
      },
      "navigator": Object {},
      "newGameOptions": Object {
        "timed": false,
        "wordRange": Object {
          "max": 49,
          "min": 10,
        },
      },
      "orientation": 0,
      "scored": false,
      "scores": Array [
        Object {
          "percent": 100,
        },
        Object {
          "percent": 85,
        },
        Object {
          "percent": 65,
        },
        Object {
          "percent": 40,
        },
        Object {
          "percent": 0,
        },
      ],
      "selected": Array [],
      "shuffle": [Function],
      "statusText": "",
      "timer": -1,
      "tried": Object {},
      "width": 320,
      "words": Object {},
    }
  }
>
  <App>
    <Nav />
  </App>
</Provider>
`;
